// Jest Snapshot v1, https://goo.gl/fbAQLP

exports[`Prueba de mi <PrimeraApp /> Debe mostrar <PrimeraApp /> correctamente 1`] = `
<Fragment>
  <h1>
    Un saludo mas
  </h1>
  <p>
    Es un subtitulo
  </p>
</Fragment>
`;
